// Jest Snapshot v1, https://goo.gl/fbAQLP

exports[`Dao List Should render component 1`] = `
<div>
  <div
    class="root"
  >
    <div
      class="header"
    >
      <h1
        class="title"
      >
        Hello World
      </h1>
      <button
        class="btn black sizeSmall"
        type="button"
      >
        createNewDao
      </button>
    </div>
    <div
      class="content"
    />
  </div>
</div>
`;
