// Jest Snapshot v1, https://goo.gl/fbAQLP

exports[`dao details grid Should render component 1`] = `
<div>
  <div
    class="root"
  >
    <a
      class="content"
      href="/dao/default-flag-test.sputnikv2.testnet"
    >
      <div>
        <section
          class="general"
        >
          <div
            class="flagWrapper"
          >
            <div
              class="logo"
            >
              <svg
                class="defaultLogo"
                width="24"
              >
                <use
                  href="/_next/undefined"
                />
              </svg>
            </div>
          </div>
          <div
            class="title"
          >
            <div
              class="explorerLink"
            >
              <div
                class="root"
                role="button"
                tabindex="0"
              >
                <span
                  class="iconWrapper"
                >
                  <svg
                    class="icon"
                  >
                    <use
                      href="/_next/undefined"
                    />
                  </svg>
                </span>
              </div>
            </div>
            <div
              class=""
            >
              <div
                class="name"
                style="max-width: -132px;"
              >
                Default Flag Test
              </div>
            </div>
            <div
              class="address"
            >
              <div
                class="root copyAddress"
                role="button"
                tabindex="0"
              >
                <div
                  class="addressId"
                >
                  default-flag-test.sput...stnet
                </div>
                <button
                  class="iconButton small btn"
                  type="button"
                >
                  <svg>
                    <use
                      href="/_next/undefined"
                    />
                  </svg>
                </button>
              </div>
            </div>
          </div>
        </section>
        <section
          class="description"
        >
          <div />
        </section>
      </div>
      <div>
        <section
          class="fundsAndMembers"
        >
          <div
            class="root"
          >
            <button
              class="btn transparent sizeBlock"
              type="button"
            >
              <div
                class="label"
              >
                daoFunds
              </div>
              <div
                class="value"
              >
                <span
                  class="bold"
                >
                  97.30
                </span>
                 USD
              </div>
            </button>
          </div>
          <div
            class="root members"
          >
            <button
              class="btn transparent sizeBlock"
              type="button"
            >
              <div
                class="label"
              >
                membersGroups
              </div>
              <div
                class="value"
              >
                <span
                  class="bold"
                />
                /undefined
              </div>
            </button>
          </div>
        </section>
        <section
          class="controls"
        >
          <div
            class="controlIcon"
          >
            <button
              class="iconTextButton"
              type="button"
            >
              <svg
                class="icon"
              >
                <use
                  href="/_next/undefined"
                />
              </svg>
              settings
            </button>
          </div>
          <div
            class="controlIcon"
          >
            <button
              class="iconTextButton"
              type="button"
            >
              <svg
                class="icon"
              >
                <use
                  href="/_next/undefined"
                />
              </svg>
              nfts
            </button>
          </div>
          <div
            class="controlIcon"
          >
            <button
              class="iconTextButton"
              type="button"
            >
              <svg
                class="icon"
              >
                <use
                  href="/_next/undefined"
                />
              </svg>
              bounties
            </button>
          </div>
          <div
            class="controlIcon"
          >
            <button
              class="iconTextButton"
              type="button"
            >
              <svg
                class="icon"
              >
                <use
                  href="/_next/undefined"
                />
              </svg>
              polls
            </button>
          </div>
        </section>
        <section
          class="proposals"
        >
          <p
            class="subtitle2 proposalsTitle active"
          >
            <span>
              12
            </span>
             
            components.daoDetails.proposalTrackerCard.activePlural
             
            components.daoDetails.proposalTrackerCard.proposals
          </p>
          <p
            class="subtitle6 proposalsSubtitle"
          >
            12 components.daoDetails.proposalTrackerCard.proposalsInTotal
          </p>
        </section>
      </div>
    </a>
  </div>
</div>
`;

exports[`dao details grid Should render skeleton if data is loading 1`] = `
<div>
  <div
    class="root"
  >
    <div>
      Skeleton
    </div>
  </div>
</div>
`;
