// Jest Snapshot v1, https://goo.gl/fbAQLP

exports[`ChangeBondsContent Should render component 1`] = `
<div>
  <div>
    <div>
      <div>
        proposalCard.proposals
      </div>
      <div>
        <div
          class=""
        >
          <div
            class=""
          >
            <span>
              proposalCard.proposalBonds
            </span>
          </div>
          <label
            class="undefined"
            for="1"
          >
            <div>
              <input
                class=""
                id="1"
                min="0"
                placeholder="1e-24"
                style="text-align: left;"
                type="number"
              />
            </div>
          </label>
        </div>
        <div
          class=""
        >
          <div
            class=""
          >
            <span>
              proposalCard.proposalBondExpirationTime
            </span>
          </div>
          <label
            class="undefined"
            for="2"
          >
            <div>
              <input
                class=""
                id="2"
                min="1"
                placeholder="5.5555555555555555556e-13"
                style="text-align: left;"
                type="number"
              />
            </div>
          </label>
        </div>
      </div>
    </div>
    <div>
      <div>
        proposalCard.proposalBounties
      </div>
      <div>
        <div
          class=""
        >
          <div
            class=""
          >
            <span>
              proposalCard.proposalClaimBounty
            </span>
          </div>
          <label
            class="undefined"
            for="3"
          >
            <div>
              <input
                class=""
                id="3"
                min="0"
                placeholder="3e-24"
                style="text-align: left;"
                type="number"
              />
            </div>
          </label>
        </div>
        <div
          class=""
        >
          <div
            class=""
          >
            <span>
              proposalCard.proposalBountyUnclaimTime
            </span>
          </div>
          <label
            class="undefined"
            for="4"
          >
            <div>
              <input
                class=""
                id="4"
                min="1"
                placeholder="1.1111111111111111111e-12"
                style="text-align: left;"
                type="number"
              />
            </div>
          </label>
        </div>
      </div>
    </div>
    <div>
      <div
        class=""
      >
        <div>
          <div
            class=""
          >
            proposalCard.proposalTarget
          </div>
        </div>
        <div
          class=""
        >
          <div
            class=""
          >
            123
          </div>
        </div>
      </div>
    </div>
  </div>
</div>
`;
