// Jest Snapshot v1, https://goo.gl/fbAQLP

exports[`ChangeBondsContent Should render component 1`] = `
<div>
  <div
    class="root"
  >
    <div
      class="row"
    >
      <div
        class="title"
      >
        proposalCard.proposals
      </div>
      <div
        class="inline"
      >
        <div
          class="root"
        >
          <div
            class="label"
          >
            <span>
              proposalCard.proposalBonds
            </span>
          </div>
          <label
            class="input sizeBlock borderless inputWrapper narrow"
            for="1"
          >
            <div
              class="inputHolder"
            >
              <input
                class=""
                id="1"
                min="0"
                placeholder="1e-24"
                style="text-align: left;"
                type="number"
              />
            </div>
          </label>
        </div>
        <div
          class="root"
        >
          <div
            class="label"
          >
            <span>
              proposalCard.proposalBondExpirationTime
            </span>
          </div>
          <label
            class="input sizeBlock borderless inputWrapper narrow"
            for="2"
          >
            <div
              class="inputHolder"
            >
              <input
                class=""
                id="2"
                min="1"
                placeholder="5.5555555555555555556e-13"
                style="text-align: left;"
                type="number"
              />
            </div>
          </label>
        </div>
      </div>
    </div>
    <div
      class="row"
    >
      <div
        class="title"
      >
        proposalCard.proposalBounties
      </div>
      <div
        class="inline"
      >
        <div
          class="root"
        >
          <div
            class="label"
          >
            <span>
              proposalCard.proposalClaimBounty
            </span>
          </div>
          <label
            class="input sizeBlock borderless inputWrapper narrow"
            for="3"
          >
            <div
              class="inputHolder"
            >
              <input
                class=""
                id="3"
                min="0"
                placeholder="3e-24"
                style="text-align: left;"
                type="number"
              />
            </div>
          </label>
        </div>
        <div
          class="root"
        >
          <div
            class="label"
          >
            <span>
              proposalCard.proposalBountyUnclaimTime
            </span>
          </div>
          <label
            class="input sizeBlock borderless inputWrapper narrow"
            for="4"
          >
            <div
              class="inputHolder"
            >
              <input
                class=""
                id="4"
                min="1"
                placeholder="1.1111111111111111111e-12"
                style="text-align: left;"
                type="number"
              />
            </div>
          </label>
        </div>
      </div>
    </div>
    <div
      class="row"
    >
      <div
        class="root"
      >
        <div
          class="block"
        >
          <div
            class="label"
          >
            proposalCard.proposalTarget
          </div>
        </div>
        <div
          class="block"
        >
          <div
            class="valueSmall"
          >
            123
          </div>
        </div>
      </div>
    </div>
  </div>
</div>
`;
