// Jest Snapshot v1, https://goo.gl/fbAQLP

exports[`copy button Should render component 1`] = `
<div>
  <div
    class="root"
    role="button"
    tabindex="0"
  >
    <button
      class="iconButton small btn"
      type="button"
    >
      <svg>
        <use
          href="/_next/undefined"
        />
      </svg>
    </button>
  </div>
</div>
`;
