// Jest Snapshot v1, https://goo.gl/fbAQLP

exports[`dao flag widget Should render component 1`] = `
<div>
  <div
    class="root"
    href="/dao/1"
  >
    <div
      class="avatar"
      style="background-image: url(/avatars/defaultDaoAvatar.png);"
    />
    <div
      class="root info"
    >
      <div
        class="block"
      >
        <div
          class="label"
        >
          DAO name
        </div>
      </div>
      <div
        class="block"
      >
        <div
          class="valueSmall"
        >
          1
        </div>
      </div>
    </div>
  </div>
</div>
`;
