// Jest Snapshot v1, https://goo.gl/fbAQLP

exports[`App Footer Should render AppFooter component 1`] = `
<div>
  <div
    class="root"
    role="button"
    tabindex="0"
  >
    <div
      class="side"
    >
      <div
        class="wrapper"
      >
        <div
          class="social"
        >
          <a
            href="https://discord.com/invite/KmMqF4KNBM"
            rel="noopener noreferrer"
            target="_blank"
          >
            <svg
              class="icon"
              width="24"
            >
              <use
                href="/_next/undefined"
              />
            </svg>
          </a>
          <a
            href="https://twitter.com/AstroDao"
            rel="noopener noreferrer"
            target="_blank"
          >
            <svg
              class="icon"
              width="24"
            >
              <use
                href="/_next/undefined"
              />
            </svg>
          </a>
          <a
            href="https://t.me/astro_near"
            rel="noopener noreferrer"
            target="_blank"
          >
            <svg
              class="icon"
              width="24"
            >
              <use
                href="/_next/undefined"
              />
            </svg>
          </a>
        </div>
        <div
          class="version"
        >
          <a
            class="devLink"
            href="https://feedback.astrodao.com"
            rel="noreferrer noopener"
            target="_blank"
          >
            leaveFeedback
          </a>
        </div>
        <div
          class="terms"
        >
          <a
            class="devLink"
            href="/terms-conditions"
          >
            termsAndConditions
          </a>
        </div>
        <div
          class="release"
        >
          <a
            class="devLink"
            href="https://astrodao.canny.io/changelog"
            rel="noreferrer noopener"
            target="_blank"
          >
            releaseNotes
          </a>
          <a
            class="devLink"
            href="https://testnet.app.astrodao.com/"
            rel="noreferrer noopener"
            target="_blank"
          >
            testnetEnv
          </a>
        </div>
        <div
          class="copyright"
        >
          components.appFooter.opensourceAsIs
          <br />
          components.appFooter.communityDeveloped
        </div>
        <div
          class="locale"
        >
          <div
            class="root"
          >
            <div>
              <div
                class="selector"
              >
                <img
                  class="flag"
                  data-testid="circle-country-flag"
                  height="100"
                  src="https://hatscripts.github.io/circle-flags/flags/us.svg"
                  title="us"
                />
                 
                en
              </div>
            </div>
          </div>
        </div>
      </div>
    </div>
  </div>
</div>
`;
