// Jest Snapshot v1, https://goo.gl/fbAQLP

exports[`dao details minimized Should render component 1`] = `
<div>
  <div
    class=""
  >
    <div>
      <a
        href="/dao/default-flag-test.sputnikv2.testnet"
      >
        <section
          class="undefined"
        >
          <div>
            <div
              class=""
            >
              <svg
                class="svg"
                height="0"
                width="0"
              >
                <clippath
                  id="_ASTRO_flag"
                >
                  <path
                    d="M240.01 0L50.4101 67.7595V105.35L0 123.366V272L189.599 204.24V166.65L240.01 148.634V0Z"
                  />
                </clippath>
                <clippath
                  id="_ASTRO_flagMinimized"
                >
                  <path
                    d="M68.8249 0L14.4555 19.4307V30.2124L0 35.3785V78.0007L54.3694 58.57V47.7883L68.8249 42.6222V0Z"
                  />
                </clippath>
                <clippath
                  id="_ASTRO_flagXS"
                >
                  <path
                    d="M46.4118 0L9.74793 13.103V20.3722L0 23.856V52.5981L36.6639 39.4951V32.2259L46.4118 28.7421V0Z"
                  />
                </clippath>
              </svg>
              <div
                class=""
              />
              <canvas
                style="clip-path: path('M46.4118 0L9.74793 13.103V20.3722L0 23.856V52.5981L36.6639 39.4951V32.2259L46.4118 28.7421V0Z'); max-width: 47px; transform: none;"
              />
            </div>
          </div>
          <div>
            <div>
              <div>
                Default Flag Test
              </div>
              <div>
                <div
                  class=""
                  role="button"
                  tabindex="0"
                >
                  <span>
                    <svg>
                      <use
                        href="/_next/undefined"
                      />
                    </svg>
                  </span>
                </div>
              </div>
            </div>
            <div>
              default-flag-test.sputnikv2.testnet
              <div
                class=""
                role="button"
                tabindex="0"
              >
                <button
                  class=""
                  type="button"
                >
                  <svg>
                    <use
                      href="/_next/undefined"
                    />
                  </svg>
                </button>
              </div>
            </div>
          </div>
        </section>
      </a>
      <section>
        <div
          class="undefined"
        >
          <button
            class=""
            type="button"
          >
            <svg>
              <use
                href="/_next/undefined"
              />
            </svg>
            daoDetailsMinimized.proposals
          </button>
        </div>
        <div
          class="undefined"
        >
          <button
            class=""
            type="button"
          >
            <svg>
              <use
                href="/_next/undefined"
              />
            </svg>
            daoDetailsMinimized.funds
          </button>
        </div>
        <div
          class="undefined"
        >
          <button
            class=""
            type="button"
          >
            <svg>
              <use
                href="/_next/undefined"
              />
            </svg>
            daoDetailsMinimized.members
          </button>
        </div>
        <div
          class="undefined"
        >
          <button
            class=""
            type="button"
          >
            <svg>
              <use
                href="/_next/undefined"
              />
            </svg>
            daoDetailsMinimized.settings
          </button>
        </div>
        <div
          class="undefined"
        >
          <button
            class=""
            type="button"
          >
            <svg>
              <use
                href="/_next/undefined"
              />
            </svg>
            daoDetailsMinimized.nfts
          </button>
        </div>
        <div
          class="undefined"
        >
          <button
            class=""
            type="button"
          >
            <svg>
              <use
                href="/_next/undefined"
              />
            </svg>
            daoDetailsMinimized.bounties
          </button>
        </div>
        <div
          class="undefined"
        >
          <button
            class=""
            type="button"
          >
            <svg>
              <use
                href="/_next/undefined"
              />
            </svg>
            daoDetailsMinimized.polls
          </button>
        </div>
      </section>
    </div>
  </div>
</div>
`;
