// Jest Snapshot v1, https://goo.gl/fbAQLP

exports[`Proposal Card Should render component 1`] = `
<div>
  <div
    class=""
    data-testid="proposal-card-root"
  >
    <div>
      <div
        class=""
      >
        <div>
          <div
            class=""
          >
            proposalCard.proposalTypeVote
          </div>
        </div>
        <div
          class=""
        >
          <div
            class="undefined"
          >
            <div>
              Poll
              <div>
                <div
                  class=""
                  role="button"
                  tabindex="0"
                >
                  <span>
                    <div>
                      buttonExternal
                    </div>
                  </span>
                </div>
              </div>
            </div>
          </div>
        </div>
      </div>
    </div>
    <div>
      <span>
        Time expired
      </span>
    </div>
    <div>
      <div
        class=""
      >
        <div>
          <div
            class=""
          >
            proposalCard.proposalOwner
          </div>
        </div>
        <div
          class=""
        >
          <div
            class=""
          >
            proposer
          </div>
        </div>
      </div>
    </div>
    <div>
      <div
        class=""
      >
        <div
          class=""
        >
          <span>
            proposalCard.proposalDescription
             
          </span>
        </div>
        <div>
          description
        </div>
      </div>
      <div>
        <a
          class="caption1"
          href="http://link"
          rel="noreferrer"
          target="_blank"
        >
          <div>
            buttonExternal
          </div>
           
          <span
            class="caption1"
          >
            link
          </span>
        </a>
      </div>
    </div>
    <div>
      <div>
        Content
      </div>
    </div>
    <div>
      <form
        class=""
      >
        <span>
          <button
            class=""
            disabled=""
            type="submit"
          >
            <div>
              votingYes
            </div>
          </button>
          <span
            class="title3"
          >
            0
          </span>
        </span>
        <span>
          <button
            class=""
            disabled=""
            type="submit"
          >
            <div>
              votingNo
            </div>
          </button>
          <span
            class="title3"
          >
            0
          </span>
        </span>
        <span>
          <button
            class=""
            type="button"
          >
            <div>
              chat
            </div>
          </button>
          <span
            class="title3"
          >
            0
          </span>
        </span>
      </form>
    </div>
    <div />
    <div>
      <div>
        <div>
          <button
            class=""
            type="button"
          >
            <div>
              buttonDelete
            </div>
          </button>
        </div>
        <a
          class="twitter-share-button"
          href="https://twitter.com/intent/tweet?text=Vote%3AProposePoll%20%0A%20description"
        >
          <div>
            <button
              class=""
              type="button"
            >
              <div>
                socialTwitterAlt
              </div>
            </button>
          </div>
        </a>
        <a
          href="https://t.me/share/url?url=http%3A%2F%2Flocalhost%2Fdao%2FdaoId%2Fproposals%2F&text=Vote:ProposePoll 
 description"
        >
          <div>
            <button
              class=""
              type="button"
            >
              <div>
                socialTelegram
              </div>
            </button>
          </div>
        </a>
        <div
          class=""
          role="button"
          tabindex="0"
        >
          <button
            class=""
            type="button"
          >
            <div>
              buttonCopy
            </div>
          </button>
        </div>
      </div>
    </div>
  </div>
</div>
`;
