// Jest Snapshot v1, https://goo.gl/fbAQLP

exports[`create bounty proposal content Should render component 1`] = `
<div>
  <div
    class="root"
  >
    <div
      class="root"
    >
      <div
        class="block"
      >
        <div
          class="label"
        >
          Amount
        </div>
      </div>
      <div
        class="block"
      >
        <div
          class="valueSmall"
        >
          <div
            class="root"
          >
            <div
              class="amount"
            >
              0
            </div>
            <div
              class="icon"
            />
            <div
              class="symbol"
            >
              T
            </div>
          </div>
        </div>
      </div>
    </div>
    <div
      class="root"
    >
      <div
        class="block"
      >
        <div
          class="label"
        >
          Available claims
        </div>
      </div>
      <div
        class="block"
      >
        <div
          class="valueSmall"
        >
          0
        </div>
      </div>
    </div>
    <div
      class="root"
    >
      <div
        class="block"
      >
        <div
          class="label"
        >
          Days to complete
        </div>
      </div>
      <div
        class="block"
      >
        <div
          class="valueSmall"
        >
          0
        </div>
      </div>
    </div>
  </div>
</div>
`;
