// Jest Snapshot v1, https://goo.gl/fbAQLP

exports[`create bounty proposal content Should render component 1`] = `
<div>
  <div>
    <div
      class=""
    >
      <div>
        <div
          class=""
        >
          Amount
        </div>
      </div>
      <div
        class=""
      >
        <div
          class=""
        >
          <div>
            <div>
              0
            </div>
            <div />
            <div>
              T
            </div>
          </div>
        </div>
      </div>
    </div>
    <div
      class=""
    >
      <div>
        <div
          class=""
        >
          Available claims
        </div>
      </div>
      <div
        class=""
      >
        <div
          class=""
        >
          0
        </div>
      </div>
    </div>
    <div
      class=""
    >
      <div>
        <div
          class=""
        >
          Days to complete
        </div>
      </div>
      <div
        class=""
      >
        <div
          class=""
        >
          0
        </div>
      </div>
    </div>
  </div>
</div>
`;
