// Jest Snapshot v1, https://goo.gl/fbAQLP

exports[`AddBountyContent Should render component 1`] = `
<div>
  <div
    class="root"
  >
    <div
      class="inline"
    >
      <div
        class="root"
      >
        <div
          class="label"
        >
          <span>
            proposalCard.proposalAmount
          </span>
        </div>
        <label
          class="input sizeBlock borderless inputWrapper narrow"
          for="1"
        >
          <div
            class="inputHolder"
          >
            <input
              class=""
              id="1"
              min="0"
              placeholder="00.0000"
              style="text-align: left; width: 7ch; padding-right: 4px;"
              type="number"
            />
          </div>
        </label>
      </div>
      <div
        class="root select"
      >
        <label
          class="label"
        >
           
        </label>
        <div
          class="dropdown"
        >
          <button
            aria-expanded="false"
            aria-haspopup="listbox"
            aria-labelledby="downshift-0-label downshift-0-toggle-button"
            class="select"
            id="downshift-0-toggle-button"
            type="button"
          >
            <div
              class="container"
            >
              <div
                class="selected"
              >
                <div
                  class="row"
                >
                  <div
                    class="row"
                  >
                    <div
                      class="iconWrapper"
                    >
                      <svg>
                        <use
                          href="/_next/undefined"
                        />
                      </svg>
                    </div>
                    <div
                      class="symbol"
                    >
                      <div>
                        NEAR
                      </div>
                      <div
                        class="sub"
                      />
                    </div>
                    <div
                      class="balance"
                    >
                      5.1002
                    </div>
                  </div>
                </div>
              </div>
              <svg
                class="icon"
              >
                <use
                  href="/_next/undefined"
                />
              </svg>
            </div>
          </button>
          <ul
            aria-labelledby="downshift-0-label"
            class="menu"
            id="downshift-0-menu"
            role="listbox"
            tabindex="-1"
          />
        </div>
      </div>
    </div>
    <div
      class="divider"
    />
    <div
      class="inline"
    >
      <div
        class="root"
      >
        <div
          class="label"
        >
          <span>
            proposalCard.bountyAvailableClaims
          </span>
        </div>
        <label
          class="input sizeSmall borderless inputWrapper"
          for="2"
        >
          <div
            class="inputHolder"
          >
            <input
              class=""
              id="2"
              min="1"
              pattern="/d+"
              placeholder="0"
              step="1"
              style="text-align: left;"
              type="number"
            />
          </div>
        </label>
      </div>
      <div
        class="divider"
      />
      <div
        class="root"
      >
        <div
          class="label"
        >
          <span>
            proposalCard.bountyDaysToComplete
          </span>
        </div>
        <label
          class="input sizeSmall borderless inputWrapper"
          for="3"
        >
          <div
            class="inputHolder"
          >
            <input
              class=""
              id="3"
              min="1"
              placeholder="0"
              style="text-align: left;"
              type="number"
            />
          </div>
        </label>
      </div>
    </div>
  </div>
</div>
`;
