// Jest Snapshot v1, https://goo.gl/fbAQLP

exports[`AddBountyContent Should render component 1`] = `
<div>
  <div>
    <div>
      <div
        class=""
      >
        <div
          class=""
        >
          <span>
            proposalCard.proposalAmount
          </span>
        </div>
        <label
          class="undefined"
          for="1"
        >
          <div>
            <input
              class=""
              id="1"
              min="0"
              placeholder="00.0000"
              style="text-align: left; width: 7ch; padding-right: 4px;"
              type="number"
            />
          </div>
        </label>
      </div>
      <div
        class=""
      >
        <label>
           
        </label>
        <div>
          <button
            aria-expanded="false"
            aria-haspopup="listbox"
            aria-labelledby="downshift-0-label downshift-0-toggle-button"
            class=""
            id="downshift-0-toggle-button"
            type="button"
          >
            <div>
              <div>
                <div>
                  <div>
                    <svg>
                      <use
                        href="/_next/undefined"
                      />
                    </svg>
                  </div>
                  <div>
                    NEAR
                  </div>
                  <div>
                    5.1002
                  </div>
                </div>
              </div>
              <svg
                class=""
              >
                <use
                  href="/_next/undefined"
                />
              </svg>
            </div>
          </button>
          <ul
            aria-labelledby="downshift-0-label"
            class=""
            id="downshift-0-menu"
            role="listbox"
            tabindex="-1"
          />
        </div>
      </div>
    </div>
    <div />
    <div>
      <div
        class=""
      >
        <div
          class=""
        >
          <span>
            proposalCard.bountyAvailableClaims
          </span>
        </div>
        <label
          class="undefined"
          for="2"
        >
          <div>
            <input
              class=""
              id="2"
              min="1"
              pattern="/d+"
              placeholder="0"
              step="1"
              style="text-align: left;"
              type="number"
            />
          </div>
        </label>
      </div>
      <div />
      <div
        class=""
      >
        <div
          class=""
        >
          <span>
            proposalCard.bountyDaysToComplete
          </span>
        </div>
        <label
          class="undefined"
          for="3"
        >
          <div>
            <input
              class=""
              id="3"
              min="1"
              placeholder="0"
              style="text-align: left;"
              type="number"
            />
          </div>
        </label>
      </div>
    </div>
  </div>
</div>
`;
