// Jest Snapshot v1, https://goo.gl/fbAQLP

exports[`CaptchaModal Should render component 1`] = `
<div>
  <div
    class="root"
  >
    <div
      class="warning"
    >
      <div
        class="root"
      >
        <div
          class="status"
        >
          <svg
            class="icon"
          >
            <use
              href="/_next/undefined"
            />
          </svg>
        </div>
        <div
          class="content"
        >
          <div>
            <div
              class="title"
            >
              Attention!
            </div>
            <p
              class="message"
            >
              You can not undo an action by Adopt Staking contract. Are you sure you agree to Adopt Staking contract?
            </p>
          </div>
        </div>
      </div>
    </div>
    <div
      class="root"
    >
      <div
        class="captcha"
        style="background-image: url(/assets/captcha/bg/F1.svg);"
      >
        <svg
          class="hole"
          style="width: 61px; left: 1px;"
        >
          <use
            href="/_next/undefined"
          />
        </svg>
        <svg
          class="fill"
          style="width: 60px; left: 0px;"
        >
          <use
            href="/_next/undefined"
          />
        </svg>
      </div>
      <div
        class="sliderContainer"
      >
        <input
          class="rangeInput"
          max="NaN"
          min="0"
          step="1"
          type="range"
          value="0"
        />
        <div
          class="helperText"
        >
          captcha.dragSliderRight
        </div>
      </div>
      <svg
        class="resetButton"
      >
        <use
          href="/_next/undefined"
        />
      </svg>
    </div>
  </div>
</div>
`;
