// Jest Snapshot v1, https://goo.gl/fbAQLP

exports[`Nav button Should render component 1`] = `
<div>
  <div
    class=""
    role="button"
    tabindex="0"
  >
    <div>
      <div>
        <div>
          aAllDaos
        </div>
      </div>
      <div>
        Hello World
      </div>
    </div>
    <div />
  </div>
</div>
`;
