// Jest Snapshot v1, https://goo.gl/fbAQLP

exports[`Nav button Should render component 1`] = `
<div>
  <div
    class="root"
    role="button"
    tabindex="0"
  >
    <div
      class="description"
    >
      <div
        class="iconHolder"
      >
        <div>
          aAllDaos
        </div>
      </div>
      <div
        class="label"
      >
        Hello World
      </div>
    </div>
    <div
      class="underline"
    />
  </div>
</div>
`;
