// Jest Snapshot v1, https://goo.gl/fbAQLP

exports[`breadcrumbs Should render component 1`] = `
<div>
  <nav
    class=""
  >
    <ol>
      <li
        class="item"
      >
        <div
          class=""
        >
          1
        </div>
      </li>
      <li
        class="item"
      >
        <svg
          width="16"
        >
          <use
            href="/_next/undefined"
          />
        </svg>
      </li>
      <li
        class="item"
      >
        <div
          class=""
        >
          2
        </div>
      </li>
      <li
        class="item"
      >
        <svg
          width="16"
        >
          <use
            href="/_next/undefined"
          />
        </svg>
      </li>
      <li
        class="item"
      >
        <div
          class=""
        >
          3
        </div>
      </li>
      <li
        class="item"
      >
        <svg
          width="16"
        >
          <use
            href="/_next/undefined"
          />
        </svg>
      </li>
      <li
        class="item"
      >
        <div
          class=""
        >
          4
        </div>
      </li>
      <li
        class="item"
      >
        <svg
          width="16"
        >
          <use
            href="/_next/undefined"
          />
        </svg>
      </li>
      <li
        class="item"
      >
        <div
          class=""
        >
          5
        </div>
      </li>
      <li
        class="item"
      >
        <svg
          width="16"
        >
          <use
            href="/_next/undefined"
          />
        </svg>
      </li>
      <li
        class="item"
      >
        <div
          class="undefined"
        >
          6
        </div>
      </li>
    </ol>
  </nav>
</div>
`;
