// Jest Snapshot v1, https://goo.gl/fbAQLP

exports[`Transaction details widget Should render component 1`] = `
<div>
  <form
    novalidate=""
  >
    <div
      class="root"
    >
      <div
        class="mainContent"
      >
        <div
          class="transactionDetails"
        >
          <div
            class="root detailsItem tgasInput"
          >
            <div
              class="label inputLabel tgasInput"
            >
              <span>
                TGas
              </span>
            </div>
            <div
              class="row"
            >
              <label
                class="input sizeBlock borderless inputWrapper detailsInput"
                for="1"
              >
                <div
                  class="inputHolder"
                >
                  <input
                    class=""
                    data-testid="gas-input"
                    id="1"
                    max="300"
                    min="10"
                    placeholder="150"
                    step="1"
                    style="text-align: left; width: 6ch;"
                    type="number"
                    value=""
                  />
                </div>
              </label>
            </div>
          </div>
          <div
            class="root detailsItem"
          >
            <div
              class="label inputLabel"
            >
              <span>
                components.transactionDetailsWidget.bond
              </span>
            </div>
            <div
              class="row"
            >
              <label
                class="input sizeContent borderless inputWrapper detailsInput readOnly"
                for="2"
              >
                <div
                  class="inputHolder"
                >
                  <input
                    class=""
                    id="2"
                    max="0.25"
                    min="0.01"
                    placeholder="0.25"
                    readonly=""
                    step="0.01"
                    style="text-align: left; width: 5ch;"
                    type="number"
                    value="0"
                  />
                </div>
              </label>
              <div
                class="tokenLabel"
              >
                NEAR
              </div>
            </div>
          </div>
        </div>
        <button
          class="btn black sizeMedium createButton"
          type="submit"
        >
          Purpose
        </button>
      </div>
    </div>
  </form>
</div>
`;
