// Jest Snapshot v1, https://goo.gl/fbAQLP

exports[`DaoPreviewForm Should render component 1`] = `
<div>
  <div
    class="root"
  >
    <div
      class="root"
    />
    <div
      class="header"
    >
      <h2>
        createDAO.daoPreviewFutureForm.daoPreviewFuture
      </h2>
      <p>
        createDAO.daoPreviewFutureForm.daoMakeSureDescription
      </p>
    </div>
    <div
      class="content"
    >
      <div
        class="root"
      >
        <section
          class="general"
        >
          <div
            class="root"
          >
            <div
              class="flagWrapper"
            >
              <div
                class="root lg defaultBackground"
              >
                <svg
                  class="svg"
                  height="0"
                  width="0"
                >
                  <clippath
                    id="_ASTRO_flag"
                  >
                    <path
                      d="M240.01 0L50.4101 67.7595V105.35L0 123.366V272L189.599 204.24V166.65L240.01 148.634V0Z"
                    />
                  </clippath>
                  <clippath
                    id="_ASTRO_flagMinimized"
                  >
                    <path
                      d="M68.8249 0L14.4555 19.4307V30.2124L0 35.3785V78.0007L54.3694 58.57V47.7883L68.8249 42.6222V0Z"
                    />
                  </clippath>
                  <clippath
                    id="_ASTRO_flagXS"
                  >
                    <path
                      d="M46.4118 0L9.74793 13.103V20.3722L0 23.856V52.5981L36.6639 39.4951V32.2259L46.4118 28.7421V0Z"
                    />
                  </clippath>
                </svg>
                <div
                  class="background"
                />
                <canvas
                  style="clip-path: path('M240.01 0L50.4101 67.7595V105.35L0 123.366V272L189.599 204.24V166.65L240.01 148.634V0Z'); max-width: 238px; transform: none;"
                />
                
              </div>
            </div>
            <div
              class="generalInfoWrapper"
            >
              <section>
                <div
                  class="displayName"
                >
                  displayName
                </div>
                <div
                  class="daoId"
                >
                  <div>
                    address.sputnikv2.testnet
                  </div>
                </div>
                <p />
              </section>
              <section />
              <section />
            </div>
          </div>
        </section>
        <section
          class="funds"
        >
          <div
            class="label"
          >
            components.daoDetailsPreview.daoFunds
          </div>
          <div
            class="value"
          >
            <span
              class="bold"
            >
              62.45
            </span>
             USD
          </div>
        </section>
        <section
          class="members"
        >
          <div
            class="label"
          >
            components.daoDetailsPreview.daoMembersAndGroups
          </div>
          <div
            class="value"
          >
            <span
              class="bold"
            >
              1
            </span>
            /0
          </div>
        </section>
        <section
          class="controls"
        >
          <div
            class="controlIcon previewIcon"
          >
            <button
              class="iconButton large btn"
              type="button"
            >
              <svg
                class=""
              >
                <use
                  href="/_next/undefined"
                />
              </svg>
            </button>
          </div>
          <div
            class="controlIcon previewIcon"
          >
            <button
              class="iconButton large btn"
              type="button"
            >
              <svg
                class=""
              >
                <use
                  href="/_next/undefined"
                />
              </svg>
            </button>
          </div>
          <div
            class="controlIcon previewIcon"
          >
            <button
              class="iconButton large btn"
              type="button"
            >
              <svg
                class=""
              >
                <use
                  href="/_next/undefined"
                />
              </svg>
            </button>
          </div>
          <div
            class="controlIcon previewIcon"
          >
            <button
              class="iconButton large btn"
              type="button"
            >
              <svg
                class=""
              >
                <use
                  href="/_next/undefined"
                />
              </svg>
            </button>
          </div>
        </section>
        <section
          class="proposals"
        >
          <div
            class="root"
          >
            <div
              class="content"
            >
              <p
                class="subtitle2 title active"
              >
                <span>
                  0
                </span>
                 
                components.daoDetails.proposalTrackerCard.activePlural
                 
                components.daoDetails.proposalTrackerCard.proposals
              </p>
              <p
                class="subtitle6 subtitle"
              >
                0 components.daoDetails.proposalTrackerCard.proposalsInTotal
              </p>
            </div>
            <div
              class="action"
            >
              components.daoDetails.proposalTrackerCard.createProposal
            </div>
          </div>
        </section>
      </div>
    </div>
  </div>
</div>
`;

exports[`DaoPreviewForm Should render nothing if not enough info 1`] = `<div />`;
