// Jest Snapshot v1, https://goo.gl/fbAQLP

exports[`DaoPreviewForm Should render component 1`] = `
<div>
  <div>
    <div />
    <div>
      <h2>
        createDAO.daoPreviewFutureForm.daoPreviewFuture
      </h2>
      <p>
        createDAO.daoPreviewFutureForm.daoMakeSureDescription
      </p>
    </div>
    <div>
      <div>
        <section>
          <div>
            <div>
              <div
                class="undefined"
              >
                <svg
                  class="svg"
                  height="0"
                  width="0"
                >
                  <clippath
                    id="_ASTRO_flag"
                  >
                    <path
                      d="M240.01 0L50.4101 67.7595V105.35L0 123.366V272L189.599 204.24V166.65L240.01 148.634V0Z"
                    />
                  </clippath>
                  <clippath
                    id="_ASTRO_flagMinimized"
                  >
                    <path
                      d="M68.8249 0L14.4555 19.4307V30.2124L0 35.3785V78.0007L54.3694 58.57V47.7883L68.8249 42.6222V0Z"
                    />
                  </clippath>
                  <clippath
                    id="_ASTRO_flagXS"
                  >
                    <path
                      d="M46.4118 0L9.74793 13.103V20.3722L0 23.856V52.5981L36.6639 39.4951V32.2259L46.4118 28.7421V0Z"
                    />
                  </clippath>
                </svg>
                <div
                  class=""
                />
                <canvas
                  style="clip-path: path('M240.01 0L50.4101 67.7595V105.35L0 123.366V272L189.599 204.24V166.65L240.01 148.634V0Z'); max-width: 238px; transform: none;"
                />
                
              </div>
            </div>
            <div>
              <section>
                <div>
                  displayName
                </div>
                <div>
                  <div>
                    address.
                  </div>
                </div>
                <p />
              </section>
              <section />
              <section />
            </div>
          </div>
        </section>
        <section>
          <div>
            components.daoDetailsPreview.daoFunds
          </div>
          <div>
            <span>
              62.45
            </span>
             USD
          </div>
        </section>
        <section>
          <div>
            components.daoDetailsPreview.daoMembersAndGroups
          </div>
          <div>
            <span>
              1
            </span>
            /0
          </div>
        </section>
        <section>
          <div
            class=""
          >
            <button
              class=""
              type="button"
            >
              <svg
                class=""
              >
                <use
                  href="/_next/undefined"
                />
              </svg>
            </button>
          </div>
          <div
            class=""
          >
            <button
              class=""
              type="button"
            >
              <svg
                class=""
              >
                <use
                  href="/_next/undefined"
                />
              </svg>
            </button>
          </div>
          <div
            class=""
          >
            <button
              class=""
              type="button"
            >
              <svg
                class=""
              >
                <use
                  href="/_next/undefined"
                />
              </svg>
            </button>
          </div>
          <div
            class=""
          >
            <button
              class=""
              type="button"
            >
              <svg
                class=""
              >
                <use
                  href="/_next/undefined"
                />
              </svg>
            </button>
          </div>
        </section>
        <section>
          <div>
            <div>
              <p
                class="subtitle2"
              >
                <span>
                  0
                </span>
                 
                components.daoDetails.proposalTrackerCard.activePlural
                 
                components.daoDetails.proposalTrackerCard.proposals
              </p>
              <p
                class="subtitle6"
              >
                0 components.daoDetails.proposalTrackerCard.proposalsInTotal
              </p>
            </div>
            <div>
              components.daoDetails.proposalTrackerCard.createProposal
            </div>
          </div>
        </section>
      </div>
    </div>
  </div>
</div>
`;

exports[`DaoPreviewForm Should render nothing if not enough info 1`] = `<div />`;
