// Jest Snapshot v1, https://goo.gl/fbAQLP

exports[`Notification Card Should render component 1`] = `
<div>
  <div
    class="root"
  >
    <div
      class="content new"
      data-testid="noty-content"
      role="button"
      tabindex="0"
    >
      <div
        class="flagContainer"
      >
        <div
          class="flagWrapper"
        >
          <div
            class="flag"
          >
            <div
              class="root xs defaultBackground"
            >
              <svg
                class="svg"
                height="0"
                width="0"
              >
                <clippath
                  id="_ASTRO_flag"
                >
                  <path
                    d="M240.01 0L50.4101 67.7595V105.35L0 123.366V272L189.599 204.24V166.65L240.01 148.634V0Z"
                  />
                </clippath>
                <clippath
                  id="_ASTRO_flagMinimized"
                >
                  <path
                    d="M68.8249 0L14.4555 19.4307V30.2124L0 35.3785V78.0007L54.3694 58.57V47.7883L68.8249 42.6222V0Z"
                  />
                </clippath>
                <clippath
                  id="_ASTRO_flagXS"
                >
                  <path
                    d="M46.4118 0L9.74793 13.103V20.3722L0 23.856V52.5981L36.6639 39.4951V32.2259L46.4118 28.7421V0Z"
                  />
                </clippath>
              </svg>
              <div
                class="backgroundXS"
              />
              <canvas
                style="clip-path: path('M46.4118 0L9.74793 13.103V20.3722L0 23.856V52.5981L36.6639 39.4951V32.2259L46.4118 28.7421V0Z'); max-width: 47px; transform: none;"
              />
            </div>
          </div>
          <div
            class="type"
          />
        </div>
      </div>
      <div
        class="text"
      />
      <div
        class="description"
      >
        <div
          class="descriptionHeader"
        >
          description
          :
        </div>
        <span>
          some description
        </span>
      </div>
      <div
        class="time"
      >
        12:00 am
      </div>
      <div
        class="control"
      >
        <div
          class="markRead"
        >
          <button
            class="btn transparent sizeBlock markReadButton"
            data-testid="mark-read"
            type="button"
          >
            <svg
              class="markReadIcon"
              width="24"
            >
              <use
                href="/_next/undefined"
              />
            </svg>
            <div
              class="markReadTitle"
            >
              Mark read
            </div>
          </button>
        </div>
      </div>
    </div>
    <div
      class="mobileActionsPanel"
    >
      <div
        class="markRead"
      >
        <button
          class="btn transparent sizeBlock markReadButton"
          data-testid="mark-read"
          type="button"
        >
          <svg
            class="markReadIcon"
            width="24"
          >
            <use
              href="/_next/undefined"
            />
          </svg>
          <div
            class="markReadTitle"
          >
            Mark read
          </div>
        </button>
      </div>
    </div>
  </div>
</div>
`;
