// Jest Snapshot v1, https://goo.gl/fbAQLP

exports[`BountiesListView Should render component 1`] = `
<div>
  <div
    class="root"
  >
    <div
      class="content regular"
    >
      <div
        class="root"
      >
        <div
          class="header pending"
        >
          <div
            class="title pending"
          >
            <div
              class="control"
            >
              <button
                class="iconButton small"
                type="button"
              >
                <svg
                  class="controlIcon open"
                >
                  <use
                    href="/_next/undefined"
                  />
                </svg>
              </button>
            </div>
            Coming Soon (Proposal Phase) (1)
          </div>
          <div
            class="proposer"
          >
            Proposer
          </div>
          <div
            class="content"
          >
            Voting
          </div>
        </div>
        <div
          class="rowRoot"
        >
          <div
            class="rowWrapper"
          >
            <div
              class="row firstRow pending"
              style="opacity: 0;"
            >
              <div
                class="rowTitle"
              >
                <button
                  class="btn transparent sizeBlock disabled"
                  disabled=""
                  type="button"
                >
                  <div
                    class="singleLine flex toggleLink disabled"
                  >
                    <div
                      class="singleLine"
                    >
                      Google for YouTube trends in 2021 Q41639985778397
                    </div>
                    <div
                      class="flex"
                    />
                  </div>
                </button>
              </div>
              <div
                class="rowProposer"
              >
                <div
                  class="singleLine"
                >
                  testdao2.testnet
                </div>
              </div>
              <div
                class="rowContent"
              />
              <div
                class="rowDetails"
              >
                <button
                  class="btn secondary sizeSmall detailsButton"
                  type="button"
                >
                  <div
                    class="singleLine"
                  >
                    Details
                  </div>
                </button>
              </div>
            </div>
          </div>
          <div
            class="mobileActionsPanel"
          >
            <button
              class="iconButton small rowHideControl"
              type="button"
            >
              <svg>
                <use
                  href="/_next/undefined"
                />
              </svg>
            </button>
          </div>
        </div>
      </div>
      <div
        class="root"
      >
        <div
          class="header inProgress"
        >
          <div
            class="title inProgress"
          >
            <div
              class="control"
            >
              <button
                class="iconButton small"
                type="button"
              >
                <svg
                  class="controlIcon open"
                >
                  <use
                    href="/_next/undefined"
                  />
                </svg>
              </button>
            </div>
            Bounties (1)
          </div>
          <div
            class="proposer"
          >
            Proposer
          </div>
          <div
            class="content"
          >
            Amount
          </div>
        </div>
        <div
          class="rowRoot"
        >
          <div
            class="rowWrapper"
          >
            <div
              class="row firstRow inProgress"
              style="opacity: 0;"
            >
              <div
                class="rowTitle"
              >
                <button
                  class="btn transparent sizeBlock disabled"
                  disabled=""
                  type="button"
                >
                  <div
                    class="singleLine flex toggleLink disabled"
                  >
                    <div
                      class="singleLine"
                    >
                      Google for YouTube trends in 2021 Q41639985778397
                    </div>
                    <div
                      class="flex"
                    />
                  </div>
                </button>
              </div>
              <div
                class="rowProposer"
              >
                <div
                  class="singleLine"
                >
                  testdao2.testnet
                </div>
              </div>
              <div
                class="rowContent"
              />
              <div
                class="rowDetails"
              >
                <button
                  class="btn secondary sizeSmall detailsButton"
                  type="button"
                >
                  <div
                    class="singleLine"
                  >
                    Details
                  </div>
                </button>
              </div>
            </div>
          </div>
          <div
            class="mobileActionsPanel"
          >
            <button
              class="iconButton small rowHideControl"
              type="button"
            >
              <svg>
                <use
                  href="/_next/undefined"
                />
              </svg>
            </button>
          </div>
        </div>
      </div>
      <div
        class="root"
      >
        <div
          class="header completed"
        >
          <div
            class="title completed"
          >
            <div
              class="control"
            >
              <button
                class="iconButton small"
                type="button"
              >
                <svg
                  class="controlIcon open"
                >
                  <use
                    href="/_next/undefined"
                  />
                </svg>
              </button>
            </div>
            Completed (1)
          </div>
          <div
            class="proposer"
          >
            Proposer
          </div>
          <div
            class="content"
          >
            Amount
          </div>
        </div>
        <div
          class="rowRoot"
        >
          <div
            class="rowWrapper"
          >
            <div
              class="row firstRow completed"
              style="opacity: 0;"
            >
              <div
                class="rowTitle"
              >
                <button
                  class="btn transparent sizeBlock disabled"
                  disabled=""
                  type="button"
                >
                  <div
                    class="singleLine flex toggleLink disabled"
                  >
                    <div
                      class="singleLine"
                    >
                      Google for YouTube trends in 2021 Q41639985778397
                    </div>
                    <div
                      class="flex"
                    />
                  </div>
                </button>
              </div>
              <div
                class="rowProposer"
              >
                <div
                  class="singleLine"
                >
                  testdao2.testnet
                </div>
              </div>
              <div
                class="rowContent"
              />
              <div
                class="rowDetails"
              >
                <button
                  class="btn secondary sizeSmall detailsButton"
                  type="button"
                >
                  <div
                    class="singleLine"
                  >
                    Details
                  </div>
                </button>
              </div>
            </div>
          </div>
          <div
            class="mobileActionsPanel"
          >
            <button
              class="iconButton small rowHideControl"
              type="button"
            >
              <svg>
                <use
                  href="/_next/undefined"
                />
              </svg>
            </button>
          </div>
        </div>
      </div>
    </div>
    <div
      class="content mobile"
    >
      <div
        class="root"
      >
        <div
          class="root"
        >
          <div
            class="react-tabs"
            data-tabs="true"
          >
            <div
              class="tabsWrapper tabsRoot"
            >
              <ul
                class="tabs tabsListRoot"
                role="tablist"
              >
                <li
                  aria-controls="react-tabs-1"
                  aria-disabled="false"
                  aria-selected="true"
                  class="tab tabsListItem active activeTabsListItem"
                  data-name="bountiesPage.comingSoon"
                  id="react-tabs-0"
                  role="tab"
                  tabindex="0"
                >
                  bountiesPage.comingSoon
                </li>
                <li
                  aria-controls="react-tabs-3"
                  aria-disabled="false"
                  aria-selected="false"
                  class="tab tabsListItem"
                  data-name="bountiesPage.bounty"
                  id="react-tabs-2"
                  role="tab"
                >
                  bountiesPage.bounty
                </li>
                <li
                  aria-controls="react-tabs-5"
                  aria-disabled="false"
                  aria-selected="false"
                  class="tab tabsListItem"
                  data-name="bountiesPage.completed"
                  id="react-tabs-4"
                  role="tab"
                >
                  bountiesPage.completed
                </li>
              </ul>
              <div
                class="optional"
              />
            </div>
            <div
              aria-labelledby="react-tabs-0"
              class="react-tabs__tab-panel react-tabs__tab-panel--selected"
              id="react-tabs-1"
              role="tabpanel"
            >
              <div
                class="tabContent"
              >
                <div
                  class="rowRoot"
                >
                  <div
                    class="rowWrapper"
                  >
                    <div
                      class="row pending"
                      style="opacity: 0;"
                    >
                      <div
                        class="rowTitle"
                      >
                        <button
                          class="btn transparent sizeBlock disabled"
                          disabled=""
                          type="button"
                        >
                          <div
                            class="singleLine flex toggleLink disabled"
                          >
                            <div
                              class="singleLine"
                            >
                              Google for YouTube trends in 2021 Q41639985778397
                            </div>
                            <div
                              class="flex"
                            />
                          </div>
                        </button>
                      </div>
                      <div
                        class="rowProposer"
                      >
                        <div
                          class="singleLine"
                        >
                          testdao2.testnet
                        </div>
                      </div>
                      <div
                        class="rowContent"
                      />
                      <div
                        class="rowDetails"
                      >
                        <button
                          class="btn secondary sizeSmall detailsButton"
                          type="button"
                        >
                          <div
                            class="singleLine"
                          >
                            Details
                          </div>
                        </button>
                      </div>
                    </div>
                  </div>
                  <div
                    class="mobileActionsPanel"
                  >
                    <button
                      class="iconButton small rowHideControl"
                      type="button"
                    >
                      <svg>
                        <use
                          href="/_next/undefined"
                        />
                      </svg>
                    </button>
                  </div>
                </div>
              </div>
            </div>
            <div
              aria-labelledby="react-tabs-2"
              class="react-tabs__tab-panel"
              id="react-tabs-3"
              role="tabpanel"
            />
            <div
              aria-labelledby="react-tabs-4"
              class="react-tabs__tab-panel"
              id="react-tabs-5"
              role="tabpanel"
            />
          </div>
        </div>
      </div>
    </div>
    <div
      class="hideControlButtonWrapper"
    />
  </div>
</div>
`;

exports[`BountiesListView Should render nothing if no dao 1`] = `<div />`;
