// Jest Snapshot v1, https://goo.gl/fbAQLP

exports[`BountiesListView Should render component 1`] = `
<div>
  <div>
    <div
      class=""
    >
      <div>
        <div
          class=""
        >
          <div
            class=""
          >
            <div>
              <button
                class=""
                type="button"
              >
                <svg
                  class="undefined"
                >
                  <use
                    href="/_next/undefined"
                  />
                </svg>
              </button>
            </div>
            Coming Soon (Proposal Phase) (1)
          </div>
          <div>
            Proposer
          </div>
          <div>
            Voting
          </div>
        </div>
        <div>
          <div
            class=""
          >
            <div
              class=""
              style="opacity: 0;"
            >
              <div
                class=""
              >
                <button
                  class=""
                  disabled=""
                  type="button"
                >
                  <div
                    class="undefined"
                  >
                    <div>
                      Google for YouTube trends in 2021 Q41639985778397
                    </div>
                    <div />
                  </div>
                </button>
              </div>
              <div>
                <div>
                  testdao2.testnet
                </div>
              </div>
              <div />
              <div
                class=""
              >
                <button
                  class=""
                  type="button"
                >
                  <div>
                    Details
                  </div>
                </button>
              </div>
            </div>
          </div>
          <div
            class=""
          >
            <button
              class=""
              type="button"
            >
              <svg>
                <use
                  href="/_next/undefined"
                />
              </svg>
            </button>
          </div>
        </div>
      </div>
      <div>
        <div
          class=""
        >
          <div
            class=""
          >
            <div>
              <button
                class=""
                type="button"
              >
                <svg
                  class="undefined"
                >
                  <use
                    href="/_next/undefined"
                  />
                </svg>
              </button>
            </div>
            Bounties (1)
          </div>
          <div>
            Proposer
          </div>
          <div>
            Amount
          </div>
        </div>
        <div>
          <div
            class=""
          >
            <div
              class=""
              style="opacity: 0;"
            >
              <div
                class=""
              >
                <button
                  class=""
                  disabled=""
                  type="button"
                >
                  <div
                    class="undefined"
                  >
                    <div>
                      Google for YouTube trends in 2021 Q41639985778397
                    </div>
                    <div />
                  </div>
                </button>
              </div>
              <div>
                <div>
                  testdao2.testnet
                </div>
              </div>
              <div />
              <div
                class=""
              >
                <button
                  class=""
                  type="button"
                >
                  <div>
                    Details
                  </div>
                </button>
              </div>
            </div>
          </div>
          <div
            class=""
          >
            <button
              class=""
              type="button"
            >
              <svg>
                <use
                  href="/_next/undefined"
                />
              </svg>
            </button>
          </div>
        </div>
      </div>
      <div>
        <div
          class="undefined"
        >
          <div
            class="undefined"
          >
            <div>
              <button
                class=""
                type="button"
              >
                <svg
                  class="undefined"
                >
                  <use
                    href="/_next/undefined"
                  />
                </svg>
              </button>
            </div>
            Completed (1)
          </div>
          <div>
            Proposer
          </div>
          <div>
            Amount
          </div>
        </div>
        <div>
          <div
            class=""
          >
            <div
              class="undefined"
              style="opacity: 0;"
            >
              <div
                class=""
              >
                <button
                  class=""
                  disabled=""
                  type="button"
                >
                  <div
                    class="undefined"
                  >
                    <div>
                      Google for YouTube trends in 2021 Q41639985778397
                    </div>
                    <div />
                  </div>
                </button>
              </div>
              <div>
                <div>
                  testdao2.testnet
                </div>
              </div>
              <div />
              <div
                class=""
              >
                <button
                  class=""
                  type="button"
                >
                  <div>
                    Details
                  </div>
                </button>
              </div>
            </div>
          </div>
          <div
            class=""
          >
            <button
              class=""
              type="button"
            >
              <svg>
                <use
                  href="/_next/undefined"
                />
              </svg>
            </button>
          </div>
        </div>
      </div>
    </div>
    <div
      class=""
    >
      <div>
        <div
          class=""
        >
          <div
            class="react-tabs"
            data-tabs="true"
          >
            <div
              class=""
            >
              <ul
                class=""
                role="tablist"
              >
                <li
                  aria-controls="react-tabs-1"
                  aria-disabled="false"
                  aria-selected="true"
                  class=""
                  data-name="bountiesPage.comingSoon"
                  id="react-tabs-0"
                  role="tab"
                  tabindex="0"
                >
                  bountiesPage.comingSoon
                </li>
                <li
                  aria-controls="react-tabs-3"
                  aria-disabled="false"
                  aria-selected="false"
                  class=""
                  data-name="bountiesPage.bounty"
                  id="react-tabs-2"
                  role="tab"
                >
                  bountiesPage.bounty
                </li>
                <li
                  aria-controls="react-tabs-5"
                  aria-disabled="false"
                  aria-selected="false"
                  class=""
                  data-name="bountiesPage.completed"
                  id="react-tabs-4"
                  role="tab"
                >
                  bountiesPage.completed
                </li>
              </ul>
              <div />
            </div>
            <div
              aria-labelledby="react-tabs-0"
              class="react-tabs__tab-panel react-tabs__tab-panel--selected"
              id="react-tabs-1"
              role="tabpanel"
            >
              <div>
                <div>
                  <div
                    class=""
                  >
                    <div
                      class=""
                      style="opacity: 0;"
                    >
                      <div
                        class=""
                      >
                        <button
                          class=""
                          disabled=""
                          type="button"
                        >
                          <div
                            class="undefined"
                          >
                            <div>
                              Google for YouTube trends in 2021 Q41639985778397
                            </div>
                            <div />
                          </div>
                        </button>
                      </div>
                      <div>
                        <div>
                          testdao2.testnet
                        </div>
                      </div>
                      <div />
                      <div
                        class=""
                      >
                        <button
                          class=""
                          type="button"
                        >
                          <div>
                            Details
                          </div>
                        </button>
                      </div>
                    </div>
                  </div>
                  <div
                    class=""
                  >
                    <button
                      class=""
                      type="button"
                    >
                      <svg>
                        <use
                          href="/_next/undefined"
                        />
                      </svg>
                    </button>
                  </div>
                </div>
              </div>
            </div>
            <div
              aria-labelledby="react-tabs-2"
              class="react-tabs__tab-panel"
              id="react-tabs-3"
              role="tabpanel"
            />
            <div
              aria-labelledby="react-tabs-4"
              class="react-tabs__tab-panel"
              id="react-tabs-5"
              role="tabpanel"
            />
          </div>
        </div>
      </div>
    </div>
    <div />
  </div>
</div>
`;

exports[`BountiesListView Should render nothing if no dao 1`] = `<div />`;
