// Jest Snapshot v1, https://goo.gl/fbAQLP

exports[`dao details skeleton Should render component 1`] = `
<div>
  <div
    class="root"
  >
    <div>
      <section
        class="general"
      >
        <div
          class="flag"
        >
          <div
            class="root sm defaultBackground"
          >
            <svg
              class="svg"
              height="0"
              width="0"
            >
              <clippath
                id="_ASTRO_flag"
              >
                <path
                  d="M240.01 0L50.4101 67.7595V105.35L0 123.366V272L189.599 204.24V166.65L240.01 148.634V0Z"
                />
              </clippath>
              <clippath
                id="_ASTRO_flagMinimized"
              >
                <path
                  d="M68.8249 0L14.4555 19.4307V30.2124L0 35.3785V78.0007L54.3694 58.57V47.7883L68.8249 42.6222V0Z"
                />
              </clippath>
              <clippath
                id="_ASTRO_flagXS"
              >
                <path
                  d="M46.4118 0L9.74793 13.103V20.3722L0 23.856V52.5981L36.6639 39.4951V32.2259L46.4118 28.7421V0Z"
                />
              </clippath>
            </svg>
            <div
              class="backgroundSmall flagRenderer circle"
            />
            <canvas
              style="clip-path: circle(34px at 34px 34px); max-width: 68px; transform: none;"
            />
          </div>
        </div>
        <div
          class="title"
        >
          <div
            class="name"
          />
          <div
            class="address"
          />
        </div>
      </section>
      <section
        class="description"
      >
        <svg
          class="spinnerIcon"
        >
          <use
            href="/_next/undefined"
          />
        </svg>
      </section>
    </div>
    <div>
      <section
        class="fundsAndMembers"
      >
        <div
          class="box"
        />
        <div
          class="box"
        />
      </section>
      <section
        class="controls"
      >
        <div
          class="controlIcon"
        >
          <button
            class="iconTextButton"
            type="button"
          >
            <svg
              class="icon"
            >
              <use
                href="/_next/undefined"
              />
            </svg>
            settings
          </button>
        </div>
        <div
          class="controlIcon"
        >
          <button
            class="iconTextButton"
            type="button"
          >
            <svg
              class="icon"
            >
              <use
                href="/_next/undefined"
              />
            </svg>
            nfts
          </button>
        </div>
        <div
          class="controlIcon"
        >
          <button
            class="iconTextButton"
            type="button"
          >
            <svg
              class="icon"
            >
              <use
                href="/_next/undefined"
              />
            </svg>
            bounties
          </button>
        </div>
        <div
          class="controlIcon"
        >
          <button
            class="iconTextButton"
            type="button"
          >
            <svg
              class="icon"
            >
              <use
                href="/_next/undefined"
              />
            </svg>
            polls
          </button>
        </div>
      </section>
      <section
        class="proposals"
      >
        <div
          class="proposalBox"
        />
        <div
          class="proposalBox"
        />
      </section>
    </div>
  </div>
</div>
`;
